Thu 15 Jan 2026 13:48:44 INFO  ['CaliTune/run_recbole.py', '--model=ItemKNN', '--dataset=my_dataset', '--config_file_list=recbole_configs/Recbole_ItemKNN_config_my_dataset.yaml']
Thu 15 Jan 2026 13:48:44 INFO  
General Hyper Parameters:
gpu_id = 0
use_gpu = True
seed = 920
state = INFO
reproducibility = True
data_path = C:/Users/Emra/Desktop/PR/CaliTune/data\my_dataset
checkpoint_dir = saved
show_progress = True
save_dataset = False
dataset_save_path = None
save_dataloaders = False
dataloaders_save_path = None
log_wandb = False

Training Hyper Parameters:
epochs = 300
train_batch_size = 2048
learner = adam
learning_rate = 0.001
train_neg_sample_args = {'distribution': 'uniform', 'sample_num': 1, 'alpha': 1.0, 'dynamic': False, 'candidate_num': 0}
eval_step = 1
stopping_step = 10
clip_grad_norm = None
weight_decay = 0.0
loss_decimal_place = 4

Evaluation Hyper Parameters:
eval_args = {'split': {'RS': [0.8, 0.1, 0.1]}, 'order': 'RO', 'group_by': 'user', 'mode': {'valid': 'full', 'test': 'full'}}
repeatable = False
metrics = ['Recall', 'MRR', 'NDCG', 'Hit', 'Precision']
topk = [10]
valid_metric = MRR@10
valid_metric_bigger = True
eval_batch_size = 4096
metric_decimal_place = 4

Dataset Hyper Parameters:
field_separator = 	
seq_separator =  
USER_ID_FIELD = user
ITEM_ID_FIELD = item
RATING_FIELD = rating
TIME_FIELD = timestamp
seq_len = None
LABEL_FIELD = label
threshold = None
NEG_PREFIX = neg_
load_col = {'inter': ['user', 'item', 'label']}
unload_col = None
unused_col = None
additional_feat_suffix = None
rm_dup_inter = None
val_interval = None
filter_inter_by_user_or_item = True
user_inter_num_interval = [0,inf)
item_inter_num_interval = [0,inf)
alias_of_user_id = None
alias_of_item_id = None
alias_of_entity_id = None
alias_of_relation_id = None
preload_weight = None
normalize_field = None
normalize_all = None
ITEM_LIST_LENGTH_FIELD = item_length
LIST_SUFFIX = _list
MAX_ITEM_LIST_LENGTH = 50
POSITION_FIELD = position_id
HEAD_ENTITY_ID_FIELD = head_id
TAIL_ENTITY_ID_FIELD = tail_id
RELATION_ID_FIELD = relation_id
ENTITY_ID_FIELD = entity_id
benchmark_filename = None

Other Hyper Parameters: 
worker = 0
wandb_project = recbole
shuffle = True
require_pow = False
enable_amp = False
enable_scaler = False
transform = None
k = 100
shrink = 0.0
numerical_features = []
discretization = None
kg_reverse_r = False
entity_kg_num_interval = [0,inf)
relation_kg_num_interval = [0,inf)
MODEL_TYPE = ModelType.TRADITIONAL
user_inter_num = 0
item_inter_num = 0
knn_method = item
config_file_list = recbole_configs/Recbole_ItemKNN_config_my_dataset.yaml
MODEL_INPUT_TYPE = InputType.POINTWISE
eval_type = EvaluatorType.RANKING
single_spec = True
local_rank = 0
device = cpu
valid_neg_sample_args = {'distribution': 'uniform', 'sample_num': 'none'}
test_neg_sample_args = {'distribution': 'uniform', 'sample_num': 'none'}


Thu 15 Jan 2026 13:48:50 INFO  my_dataset
The number of users: 14041
Average actions of users: 52.53554131054131
The number of items: 26668
Average actions of items: 27.659616754790566
The number of inters: 737599
The sparsity of the dataset: 99.80301560023487%
Remain Fields: ['user', 'item', 'label']
Thu 15 Jan 2026 13:48:55 INFO  [Training]: train_batch_size = [2048] train_neg_sample_args: [{'distribution': 'uniform', 'sample_num': 1, 'alpha': 1.0, 'dynamic': False, 'candidate_num': 0}]
Thu 15 Jan 2026 13:48:55 INFO  [Evaluation]: eval_batch_size = [4096] eval_args: [{'split': {'RS': [0.8, 0.1, 0.1]}, 'order': 'RO', 'group_by': 'user', 'mode': {'valid': 'full', 'test': 'full'}}]
Thu 15 Jan 2026 13:50:03 INFO  ItemKNN()
Trainable parameters: 1
Thu 15 Jan 2026 13:51:17 INFO  FLOPs: 0.0
Thu 15 Jan 2026 13:51:29 INFO  epoch 0 training [time: 5.87s, train loss: 0.0000]
Thu 15 Jan 2026 13:52:53 INFO  epoch 0 evaluating [time: 83.29s, valid_score: 0.347200]
Thu 15 Jan 2026 13:52:53 INFO  valid result: 
recall@10 : 0.2332    mrr@10 : 0.3472    ndcg@10 : 0.2138    hit@10 : 0.6032    precision@10 : 0.1033
Thu 15 Jan 2026 13:55:17 INFO  Saving current: saved\ItemKNN-Jan-15-2026_13-51-17.pth
Thu 15 Jan 2026 13:57:09 INFO  Loading model structure and parameters from saved\ItemKNN-Jan-15-2026_13-51-17.pth
Thu 15 Jan 2026 13:58:57 INFO  The running environment of this training is as follows:
+-------------+----------------+
| Environment |     Usage      |
+=============+================+
| CPU         |    63.30 %     |
+-------------+----------------+
| GPU         |   0.0 / 0.0    |
+-------------+----------------+
| Memory      | 2.20 G/15.73 G |
+-------------+----------------+
Thu 15 Jan 2026 13:58:57 INFO  best valid : OrderedDict({'recall@10': 0.2332, 'mrr@10': 0.3472, 'ndcg@10': 0.2138, 'hit@10': 0.6032, 'precision@10': 0.1033})
Thu 15 Jan 2026 13:58:57 INFO  test result: OrderedDict({'recall@10': 0.2424, 'mrr@10': 0.4128, 'ndcg@10': 0.2433, 'hit@10': 0.6171, 'precision@10': 0.1087})
